# releasepackages.txt
#
# This is a sorted list of the packages to be included in the upcoming release.
# Please keep the list sorted, and only include things that are intended
# be part of the release.
#
# Changes to this file should be submitted as pull requests on the 0.X.X branch
# and if any doubts please ask for help in deciding if something is ok.
#
# If you want to add a package that depends on something that isn't listed
# below, it doesn't belong here.
#
# Note: Version numbers / package releases are _not_ included here,
# as the SPEC on the release branch will determine the version built/used.
#
# This file is intended to be processed by some world builder automation.
#
CUnit
Cython
abattis-cantarell-fonts
adwaita-icon-theme
alternatives
asciidoc
at-spi2-atk
at-spi2-core
aterm
atk
audiofile
autoconf
autoconf-archive
automake
babel
bacula-client
barrier
bash
bash-completion
binutils
bison
boost
brotli
byacc
bzip2
ca-certificates
cairo
check
chrpath
cmake
cmocka
coreutils
cppunit
curl
dbus
dbus-glib
ddd
dejagnu
desktop-file-utils
diffutils
distcc
dnf
docbook-dtds
docbook-style-dsssl
docbook-style-xsl
docbook-utils
docbook5-schemas
docbook5-style-xsl
dos2unix
ed
elfutils
emacs
exiv2
expat
expect
fftw
file
findutils
flac
flex
fltk
fontawesome-fonts
fontconfig
fontpackages
fonts-rpm-macros
freetype
fribidi
frotz
gawk
gcc
gcr
gd
gdb
gdbm
gdk-pixbuf2
gettext
giflib
git
glib
glib-networking
glib2
gmp
gnupg2
gnutls
gobject-introspection
google-roboto-slab-fonts
gperf
gpgme
graphviz
grep
groff
gsettings-desktop-schemas
gtk-doc
gtk2
gtk3
gzip
harfbuzz
help2man
hicolor-icon-theme
icu
imlib2
initial-sgug
intltool
isl
itstool
jasper
joe
json-c
json-glib
jsoncpp
lato-fonts
less
libAfterImage
libICE
libSM
libX11
libXau
libXaw
libXcomposite
libXcursor
libXdamage
libXdmcp
libXext
libXfixes
libXft
libXi
libXinerama
libXmu
libXp
libXpm
libXrandr
libXrender
libXt
libXtst
libarchive
libart_lgpl
libassuan
libatomic_ops
libcanberra
libcomps
libcroco
libdb
libdicl
libdnf
libdwarf
libecb
libepoxy
libev
libffi
libfontenc
libgcrypt
libgpg-error
libiconv
libid3tag
libidn2
libimagequant
libjpeg-turbo
libksba
liblzf
libmetalink
libmikmod
libmodman
libmodulemd
libmpc
libogg
libopusenc
libpeas
libpipeline
libpng
libproxy
libpsl
libpthread-stubs
librepo
librsvg2
libsamplerate
libsecret
libsmartcols
libsndfile
libsodium
libsolv
libsoup
libssh
libssh2
libtasn1
libtiff
libtool
libunistring
libuv
libvorbis
libwebp
libxcb
libxkbfile
libxml2
libxslt
libyaml
lua
lynx
lz4
lzip
lzo
m4
make
mailcap
mallard-rng
man-db
mc
meson
microdnf
mikmod
mksh
motif
mpfr
mpg123
mrxvt
nano
ncdu
ncurses
nedit
neofetch
nettle
ninja-build
nmap
npth
openjade
opensp
openssh
openssl
opus
p11-kit
pango
patch
patchutils
pax-utils
pcre
pcre2
perl
perl-AnyEvent
perl-App-FatPacker
perl-BDB
perl-Canary-Stability
perl-Capture-Tiny
perl-Convert-Bencode
perl-CPAN-Meta-Check
perl-Data-Dump
perl-Data-OptList
perl-Devel-CheckLib
perl-Devel-Leak
perl-Devel-StackTrace
perl-Devel-Symdump
perl-Digest-HMAC
perl-Digest-SHA1
perl-Encode-Locale
perl-EV
perl-Event
perl-Expect
perl-ExtUtils-PkgConfig
perl-Fedora-VSP
perl-File-HomeDir
perl-File-Listing
perl-File-Remove
perl-File-Which
perl-Guard
perl-HTML-Parser
perl-HTML-Tagset
perl-HTTP-Cookies
perl-HTTP-Daemon
perl-HTTP-Date
perl-HTTP-Message
perl-HTTP-Negotiate
perl-IO-HTML
perl-IO-Socket-SSL
perl-IO-Tty
perl-IPC-Run
perl-JSON
perl-JSON-XS
perl-LWP-MediaTypes
perl-Mixin-Linewise
perl-Mock-Config
perl-Module-Build
perl-Module-Pluggable
perl-Module-Runtime
perl-Module-ScanDeps
perl-Mozilla-CA
perl-NTLM
perl-Net-HTTP
perl-Net-IDN-Encode
perl-Net-SSLeay
perl-Package-Generator
perl-Params-Util
perl-Path-Class
perl-PerlIO-utf8_strict
perl-Pod-Coverage
perl-Pod-Coverage-TrustPod
perl-Pod-Eventual
perl-SGMLSpm
perl-Sub-Exporter
perl-Sub-Install
perl-Sub-Uplevel
perl-Task-Weaken
perl-Test-Deep
perl-Test-Exception
perl-Test-Fatal
perl-Test-Needs
perl-Test-NoWarnings
perl-Test-Output
perl-Test-Pod
perl-Test-Pod-Coverage
perl-Test-Requires
perl-Test-Warn
perl-Tie-IxHash
perl-TimeDate
perl-Try-Tiny
perl-Types-Serialiser
perl-URI
perl-WWW-RobotRules
perl-XML-Parser
perl-YAML
perl-YAML-LibYAML
perl-YAML-Syck
perl-common-sense
perl-generators
perl-inc-latest
perl-libintl-perl
perl-libwww-perl
perl-srpm-macros
pidgin
pinentry
pixman
pkgconfig
popt
publicsuffix-list
purple-discord
pycairo
pygobject3
pyparsing
pytest
python-anytree
python-argcomplete
python-atomicwrites
python-attrs
python-backports
python-backports-ssl_match_hostname
python-boto3
python-botocore
python-chardet
python-cov-core
python-coverage
python-dateutil
python-decorator
python-docutils
python-enum34
python-funcsigs
python-hypothesis
python-idna
python-imagesize
python-importlib-metadata
python-ipaddress
python-jinja2
python-jmespath
python-lxml
python-mako
python-markdown
python-markupsafe
python-mock
python-more-itertools
python-nose
python-nose2
python-packaging
python-parameterized
python-pathlib2
python-pbr
python-pexpect
python-pip
python-pluggy
python-ptyprocess
python-py
python-pygments
python-pysocks
python-pytest-timeout
python-requests
python-rpm-generators
python-rpm-macros
python-ruamel-yaml
python-ruamel-yaml-clib
python-s3transfer
python-scandir
python-setuptools
python-setuptools_scm
python-six
python-snowballstemmer
python-sphinx
python-sphinx-theme-alabaster
python-sphinx_rtd_theme
python-sphinxcontrib-applehelp
python-sphinxcontrib-devhelp
python-sphinxcontrib-htmlhelp
python-sphinxcontrib-httpdomain
python-sphinxcontrib-jsmath
python-sphinxcontrib-qthelp
python-sphinxcontrib-serializinghtml
python-unittest2
python-urllib3
python-wcwidth
python-zipp
python2
python2-more-itertools
python2-pluggy
python2-pytest
python3
python3-mallard-ducktype
pytz
re2c
rest
readline
rhash
rpm
rsync
screen
sed
sgml-common
sgug-getopt
sgug-rpm-config
sgug-rpm-tools
sgugrse-release
sgugrse-repos
shared-mime-info
slang
sound-theme-freedesktop
sqlite
sudo
swig
symlinks
tar
tcl
tcsh
tdnf
texinfo
tk
tree
ttembed
ttmkfdir
tzdata
uchardet
unrar
unzip
uuid
vala
vim
wget
which
worker
xcb-proto
xhtml1-dtds
xhtml2fo-style-xsl
xloadimage
xmlto
xorg-x11-apps
xorg-x11-font-utils
xorg-x11-fonts
xorg-x11-proto-devel
xorg-x11-util-macros
xorg-x11-xbitmaps
xorg-x11-xtrans-devel
xosview
xterm
xz
yajl
yelp-tools
yelp-xsl
zchunk
zip
zlib
zsh
zstd
