# releasepackages.txt
#
# This is a sorted list of the packages to be included in the upcoming release.
# Please keep the list sorted, and only include things that are intended
# be part of the release.
#
# Changes to this file should be submitted as pull requests on the 0.X.X branch
# and if any doubts please ask for help in deciding if something is ok.
#
# If you want to add a package that depends on something that isn't listed
# below, it doesn't belong here.
#
# Note: Version numbers / package releases are _not_ included here,
# as the SPEC on the release branch will determine the version built/used.
#
# This file is intended to be processed by some world builder automation.
#
abattis-cantarell-fonts
alternatives
asciidoc
aterm
atk
audiofile
autoconf
automake
bacula-client
bash
bash-completion
binutils
bison
boost
brotli
byacc
bzip2
ca-certificates
cairo
cmake
cmocka
coreutils
curl
ddd
dejagnu
desktop-file-utils
diffutils
distcc
docbook-dtds
docbook-style-dsssl
docbook-style-xsl
docbook-utils
docbook5-schemas
docbook5-style-xsl
dos2unix
ed
elfutils
emacs
exiv2
expat
expect
fftw
file
findutils
flac
flex
fltk
fontconfig
fontpackages
fonts-rpm-macros
freetype
fribidi
frotz
gawk
gcc
gd
gdb
gdbm
gdk-pixbuf2
gettext
giflib
git
glib
glib2
gmp
gnutls
gobject-introspection
gperf
graphviz
grep
groff
gtk2
gzip
harfbuzz
help2man
hicolor-icon-theme
icu
imlib2
initial-sgug
isl
itstool
jasper
joe
json-glib
jsoncpp
less
libAfterImage
libICE
libSM
libX11
libXau
libXaw
libXcomposite
libXcursor
libXdamage
libXdmcp
libXext
libXfixes
libXft
libXi
libXinerama
libXmu
libXp
libXpm
libXrandr
libXrender
libXt
libarchive
libart_lgpl
libatomic_ops
libdb
libdicl
libdwarf
libecb
libev
libffi
libfontenc
libiconv
libid3tag
libidn2
libimagequant
libjpeg
liblzf
libmikmod
libmpc
libogg
libopusenc
libpipeline
libpng
libpthread-stubs
libsamplerate
libsndfile
libsodium
libssh
libtasn1
libtiff
libtool
libunistring
libuv
libvorbis
libwebp
libxcb
libxkbfile
libxml2
libxslt
libyaml
lua
lynx
lz4
lzip
lzo
m4
make
man-db
meson
mikmod
mksh
motif
mpfr
mpg123
mrxvt
nano
ncdu
ncurses
nedit
neofetch
nettle
ninja-build
nmap
openjade
opensp
openssh
openssl
opus
p11-kit
pango
patch
pax-utils
pcre
perl
perl-AnyEvent
perl-App-FatPacker
perl-BDB
perl-Canary-Stability
perl-Convert-Bencode
perl-Data-Dump
perl-Devel-Leak
perl-Devel-StackTrace
perl-Devel-Symdump
perl-EV
perl-Event
perl-Expect
perl-ExtUtils-PkgConfig
perl-Fedora-VSP
perl-File-HomeDir
perl-File-Remove
perl-File-Which
perl-Guard
perl-IO-Socket-SSL
perl-IO-Tty
perl-IPC-Run
perl-JSON
perl-JSON-XS
perl-Module-Build
perl-Module-Pluggable
perl-Module-Runtime
perl-Module-ScanDeps
perl-Mozilla-CA
perl-Net-IDN-Encode
perl-Net-SSLeay
perl-Path-Class
perl-Pod-Coverage
perl-SGMLSpm
perl-Sub-Uplevel
perl-Task-Weaken
perl-Test-Exception
perl-Test-Needs
perl-Test-NoWarnings
perl-Test-Pod
perl-Test-Pod-Coverage
perl-Test-Requires
perl-Test-Warn
perl-Tie-IxHash
perl-Types-Serialiser
perl-URI
perl-YAML
perl-YAML-LibYAML
perl-YAML-Syck
perl-common-sense
perl-generators
perl-inc-latest
perl-libintl-perl
perl-srpm-macros
pidgin
pixman
pkgconfig
purple-discord
popt
pyparsing
pytest
python-argcomplete
python-atomicwrites
python-attrs
python-coverage
python-decorator
python-enum34
python-funcsigs
python-hypothesis
python-importlib-metadata
python-mako
python-markdown
python-markupsafe
python-mock
python-more-itertools
python-nose
python-packaging
python-pathlib2
python-pbr
python-pexpect
python-pip
python-pluggy
python-ptyprocess
python-py
python-pytest-timeout
python-rpm-generators
python-rpm-macros
python-scandir
python-setuptools
python-setuptools_scm
python-six
python-unittest2
python-wcwidth
python-zipp
python2
python2-more-itertools
python2-pluggy
python2-pytest
python3
re2c
readline
redhat-rpm-config
rhash
rpm
rsync
screen
sed
sgml-common
sgug-getopt
sgug-rpm-config
sgug-rpm-tools
shared-mime-info
sqlite
sudo
swig
symlinks
tar
tcl
tcsh
texinfo
tk
tree
ttmkfdir
unrar
unzip
uuid
vala
vim
wget
which
worker
xcb-proto
xhtml1-dtds
xhtml2fo-style-xsl
xloadimage
xmlto
xorg-x11-apps
xorg-x11-font-utils
xorg-x11-fonts
xorg-x11-proto-devel
xorg-x11-util-macros
xorg-x11-xbitmaps
xorg-x11-xtrans-devel
xosview
xterm
xz
yajl
zip
zlib
zsh
zstd
